c:\users\etudiant1\documents\github\projet-de-fin-d-ann-e\projet fin d'année\game\x64\debug\vc143.pdb
c:\users\etudiant1\documents\github\projet-de-fin-d-ann-e\projet fin d'année\game\x64\debug\vc143.idb
c:\users\etudiant1\documents\github\projet-de-fin-d-ann-e\projet fin d'année\game\x64\debug\tool.obj
c:\users\etudiant1\documents\github\projet-de-fin-d-ann-e\projet fin d'année\game\x64\debug\save.obj
c:\users\etudiant1\documents\github\projet-de-fin-d-ann-e\projet fin d'année\game\x64\debug\player.obj
c:\users\etudiant1\documents\github\projet-de-fin-d-ann-e\projet fin d'année\game\x64\debug\mob.obj
c:\users\etudiant1\documents\github\projet-de-fin-d-ann-e\projet fin d'année\game\x64\debug\menu.obj
c:\users\etudiant1\documents\github\projet-de-fin-d-ann-e\projet fin d'année\game\x64\debug\map.obj
c:\users\etudiant1\documents\github\projet-de-fin-d-ann-e\projet fin d'année\game\x64\debug\main.obj
c:\users\etudiant1\documents\github\projet-de-fin-d-ann-e\projet fin d'année\game\x64\debug\key.obj
c:\users\etudiant1\documents\github\projet-de-fin-d-ann-e\projet fin d'année\game\x64\debug\gamestate.obj
c:\users\etudiant1\documents\github\projet-de-fin-d-ann-e\projet fin d'année\game\x64\debug\gameover.obj
c:\users\etudiant1\documents\github\projet-de-fin-d-ann-e\projet fin d'année\game\x64\debug\gamehud.obj
c:\users\etudiant1\documents\github\projet-de-fin-d-ann-e\projet fin d'année\game\x64\debug\game.obj
c:\users\etudiant1\documents\github\projet-de-fin-d-ann-e\projet fin d'année\game\x64\debug\collectibles.obj
c:\users\etudiant1\documents\github\projet-de-fin-d-ann-e\projet fin d'année\game\x64\debug\camera.obj
c:\users\etudiant1\documents\github\projet-de-fin-d-ann-e\projet fin d'année\game\x64\debug\animation.obj
c:\users\etudiant1\documents\github\projet-de-fin-d-ann-e\projet fin d'année\x64\debug\game.exe
c:\users\etudiant1\documents\github\projet-de-fin-d-ann-e\projet fin d'année\x64\debug\game.pdb
c:\users\etudiant1\documents\github\projet-de-fin-d-ann-e\projet fin d'année\game\x64\debug\game.ilk
c:\users\etudiant1\documents\github\projet-de-fin-d-ann-e\projet fin d'année\game\x64\debug\game.tlog\cl.command.1.tlog
c:\users\etudiant1\documents\github\projet-de-fin-d-ann-e\projet fin d'année\game\x64\debug\game.tlog\cl.items.tlog
c:\users\etudiant1\documents\github\projet-de-fin-d-ann-e\projet fin d'année\game\x64\debug\game.tlog\cl.read.1.tlog
c:\users\etudiant1\documents\github\projet-de-fin-d-ann-e\projet fin d'année\game\x64\debug\game.tlog\cl.write.1.tlog
c:\users\etudiant1\documents\github\projet-de-fin-d-ann-e\projet fin d'année\game\x64\debug\game.tlog\link.command.1.tlog
c:\users\etudiant1\documents\github\projet-de-fin-d-ann-e\projet fin d'année\game\x64\debug\game.tlog\link.read.1.tlog
c:\users\etudiant1\documents\github\projet-de-fin-d-ann-e\projet fin d'année\game\x64\debug\game.tlog\link.secondary.1.tlog
c:\users\etudiant1\documents\github\projet-de-fin-d-ann-e\projet fin d'année\game\x64\debug\game.tlog\link.write.1.tlog
